Fehler in Zeile 1, Spalte 7: Unerwartetes Symbol TRUE
