Fehler in Zeile 12, Spalte 9: Unerwartetes Symbol ELSEIF
