Fehler in Zeile 10, Spalte 9: Unerwartetes Symbol ELSE
