Fehler in Zeile 6, Spalte 22: Ausdruck vom Typ Boolean erwartet
