Fehler in Zeile 2, Spalte 12: Auf jedem Ausführungspfad wird ein Rückgabewert erwartet
