Fehler in Zeile 4, Spalte 16: Hier darf kein Wert zurÃ¼ckgeliefert werden
