Fehler in Zeile 2, Spalte 12: Hier darf kein Wert zurÃ¼ckgeliefert werden
