Fehler in Zeile 4, Spalte 15: RÃ¼ckgabewert erwartet
