Fehler in Zeile 6, Spalte 17: Ausdruck vom Typ A erwartet
